// Vitest Snapshot v1, https://vitest.dev/guide/snapshot.html

exports[`Render Positions section properly 1`] = `"<thead><tr><th><div class="sc-eWPXlR gxQBxc">Symbol</div></th><th><div class="sc-eWPXlR gxQBxc">Qty</div></th><th><div class="sc-eWPXlR gxQBxc">Entry Price</div></th><th><div class="sc-eWPXlR gxQBxc">Value</div></th><th><div class="sc-eWPXlR gxQBxc"><span id="unrealizedPnLHeader" style="display: inline-block; cursor: help; border-bottom: 1px dotted;">uPNL</span></div></th><th><div class="sc-eWPXlR gxQBxc">TP/SL</div></th><th><div class="sc-eWPXlR gxQBxc"> </div></th></tr></thead><tbody><tr class="sc-drVZOg kKJIVK"><td><span align="left" class="sc-jhZTHU iBzdSi text text-sm text-tertiary">BTCUSD.P</span></td><td><span align="left" class="sc-jhZTHU iBzdSi text text-sm text-tertiary">0.001</span></td><td><span align="left" class="sc-jhZTHU iBzdSi text text-sm text-tertiary">59,000</span></td><td><span align="left" class="sc-jhZTHU iBzdSi text text-sm text-tertiary">59</span></td><td><span align="left" class="sc-jhZTHU iBzdSi text text-sm" style="color: rgb(76, 151, 46);">+$31.65612 (+53.65%)</span></td><td></td><td><button variant="link" class="sc-bbQqnZ gtaZXF">Details</button></td></tr></tbody><tfoot><tr><th></th><th></th><th></th><th></th><th></th><th></th><th></th></tr></tfoot>"`;
