// Vitest Snapshot v1, https://vitest.dev/guide/snapshot.html

exports[`ClosedOrders > renders without crashing 1`] = `"<table class="sc-dstKZu fQDZyI"><thead><tr><th><div class="sc-dpBQxM hlYqZS">Market</div></th><th><div class="sc-dpBQxM hlYqZS">Date</div></th><th><div class="sc-dpBQxM hlYqZS">Type</div></th><th><div class="sc-dpBQxM hlYqZS">Size</div></th><th><div class="sc-dpBQxM hlYqZS">Price</div></th><th><div class="sc-dpBQxM hlYqZS">Lev.</div></th><th><div class="sc-dpBQxM hlYqZS">Side</div></th><th><div class="sc-dpBQxM hlYqZS">Status</div></th></tr></thead><tbody><tr class="sc-keTIit hZSLjO"><td><p align="left" color="tertiary" class="sc-blHHSb jFjBXg">BTC/USD</p></td><td><p align="left" color="tertiary" class="sc-blHHSb jFjBXg">2024-09-29</p></td><td><p align="left" color="tertiary" class="sc-blHHSb jFjBXg">Limit</p></td><td><p align="left" color="tertiary" class="sc-blHHSb jFjBXg">1.81</p></td><td><p align="left" color="tertiary" class="sc-blHHSb jFjBXg">5.00</p></td><td><p align="left" color="tertiary" class="sc-blHHSb jFjBXg">x2</p></td><td><p align="left" color="#4C972E" class="sc-blHHSb cUlyYr">buy</p></td><td><p align="left" class="sc-blHHSb bXnAcp">Canceled</p></td></tr><tr class="sc-keTIit hZSLjO"><td><p align="left" color="tertiary" class="sc-blHHSb jFjBXg">BTC/USD</p></td><td><p align="left" color="tertiary" class="sc-blHHSb jFjBXg">2024-09-28</p></td><td><p align="left" color="tertiary" class="sc-blHHSb jFjBXg">Market</p></td><td><p align="left" color="tertiary" class="sc-blHHSb jFjBXg">1.1</p></td><td><p align="left" color="tertiary" class="sc-blHHSb jFjBXg">Market Price</p></td><td><p align="left" color="tertiary" class="sc-blHHSb jFjBXg">x2</p></td><td><p align="left" color="#4C972E" class="sc-blHHSb cUlyYr">buy</p></td><td><p align="left" class="sc-blHHSb bXnAcp">Filled</p></td></tr><tr class="sc-keTIit hZSLjO"><td><p align="left" color="tertiary" class="sc-blHHSb jFjBXg">BTC/USD</p></td><td><p align="left" color="tertiary" class="sc-blHHSb jFjBXg">2024-09-28</p></td><td><p align="left" color="tertiary" class="sc-blHHSb jFjBXg">Limit</p></td><td><p align="left" color="tertiary" class="sc-blHHSb jFjBXg">1.1</p></td><td><p align="left" color="tertiary" class="sc-blHHSb jFjBXg">4.11</p></td><td><p align="left" color="tertiary" class="sc-blHHSb jFjBXg">x2</p></td><td><p align="left" color="#4C972E" class="sc-blHHSb cUlyYr">buy</p></td><td><p align="left" class="sc-blHHSb bXnAcp">Filled</p></td></tr></tbody></table>"`;
