// Vitest Snapshot v1, https://vitest.dev/guide/snapshot.html

exports[`Funding > displays the FundingRateTable when data is available 1`] = `"<thead><tr><th><div class="sc-dpBQxM hlYqZS">Market</div></th><th><div class="sc-dpBQxM hlYqZS">Qty</div></th><th><div class="sc-dpBQxM hlYqZS">Funding Rate</div></th><th><div class="sc-dpBQxM hlYqZS">Funding Amount</div></th><th><div class="sc-dpBQxM hlYqZS">Accumulated Funding</div></th><th><div class="sc-dpBQxM hlYqZS">Side</div></th><th><div class="sc-dpBQxM hlYqZS">Timestamp</div></th></tr></thead><tbody><tr class="sc-keTIit hZSLjO"><td><p align="left" class="sc-blHHSb dsFwju text-sm text-tertiary">BTCUSD.P</p></td><td><p align="left" class="sc-blHHSb dsFwju text-sm text-tertiary">1.5</p></td><td><p align="left" class="sc-blHHSb dsFwju text-sm text-tertiary">0.0001 %</p></td><td><p align="left" class="sc-blHHSb dsFwju text-sm text-tertiary">0.00015 USD</p></td><td><p align="left" class="sc-blHHSb dsFwju text-sm text-tertiary">0.00015 USD</p></td><td><p align="left" class="sc-blHHSb dsFwju text-sm text-buy"><span style="text-transform: capitalize;">buy</span></p></td><td><p align="left" class="sc-blHHSb dsFwju text-sm text-tertiary">2021-09-01 12:35:00</p></td></tr></tbody><tfoot><tr><th></th><th></th><th></th><th></th><th></th><th></th><th></th></tr></tfoot>"`;
